/test/fixtures/mocha/array.js:3:11 el,  can be removed
/test/fixtures/mocha/array.js:3:15 'string',  can be removed
/test/fixtures/mocha/array.js:3:15 'string' can be replaced with: "MUTATION!"
/test/fixtures/mocha/array.js:3:25 123 can be removed
/test/fixtures/mocha/array.js:3:25 123 can be replaced with: 124
4 of 9 unignored mutations are tested (44%).
