/home/shybyte/workspace/grunt-mutation-testing/test/fixtures/mocha/attribute.js:3:5 can be removed.
/home/shybyte/workspace/grunt-mutation-testing/test/fixtures/mocha/attribute.js:4:5 can be removed.
3 of 5 unignored mutations are tested (60%). 
