/test/fixtures/mocha/comparisons.js:2:3 return left < right; can be removed
/test/fixtures/mocha/comparisons.js:2:14  <  can be replaced with: <=
/test/fixtures/mocha/comparisons.js:2:14  <  can be replaced with: >=
/test/fixtures/mocha/comparisons.js:6:14  <=  can be replaced with: <
/test/fixtures/mocha/comparisons.js:6:14  <=  can be replaced with: >
/test/fixtures/mocha/comparisons.js:10:14  >  can be replaced with: >=
/test/fixtures/mocha/comparisons.js:10:14  >  can be replaced with: <=
/test/fixtures/mocha/comparisons.js:14:14  >=  can be replaced with: >
/test/fixtures/mocha/comparisons.js:14:14  >=  can be replaced with: <
/test/fixtures/mocha/comparisons.js:18:14  ===  can be replaced with: ==
/test/fixtures/mocha/comparisons.js:18:14  ===  can be replaced with: !==
/test/fixtures/mocha/comparisons.js:22:14  ==  can be replaced with: ===
/test/fixtures/mocha/comparisons.js:22:14  ==  can be replaced with: !=
/test/fixtures/mocha/comparisons.js:26:14  !==  can be replaced with: !=
/test/fixtures/mocha/comparisons.js:26:14  !==  can be replaced with: ===
/test/fixtures/mocha/comparisons.js:30:14  !=  can be replaced with: !==
/test/fixtures/mocha/comparisons.js:30:14  !=  can be replaced with: ==
15 of 32 unignored mutations are tested (46%).
