/home/shybyte/workspace/grunt-mutation-testing/test/fixtures/mocha/script1.js:13:3 can be removed
/home/shybyte/workspace/grunt-mutation-testing/test/fixtures/mocha/script1.js:13:15 is inside a not failing mutation
/home/shybyte/workspace/grunt-mutation-testing/test/fixtures/mocha/script1.js:14:3 can be removed
/home/shybyte/workspace/grunt-mutation-testing/test/fixtures/mocha/script1.js:14:15 is inside a not failing mutation
/home/shybyte/workspace/grunt-mutation-testing/test/fixtures/mocha/script1.js:14:3 is inside a not failing mutation
/home/shybyte/workspace/grunt-mutation-testing/test/fixtures/mocha/script1.js:14:3 is inside a not failing mutation
/home/shybyte/workspace/grunt-mutation-testing/test/fixtures/mocha/script2.js:4:3 can be removed
/home/shybyte/workspace/grunt-mutation-testing/test/fixtures/mocha/script2.js:5:3 can be removed
/home/shybyte/workspace/grunt-mutation-testing/test/fixtures/mocha/script2.js:5:7 is inside a not failing mutation
/home/shybyte/workspace/grunt-mutation-testing/test/fixtures/mocha/script2.js:5:3 is inside a not failing mutation
24 of 34 unignored mutations are tested (70%).
