/test/fixtures/mocha/function-calls.js:2:10 encodeURI(url) can be replaced with: url
/test/fixtures/mocha/function-calls.js:6:10 string.trim() can be replaced with: string
7 of 9 unignored mutations are tested (77%).
