/test/fixtures/karma-mocha/script1.js:14:9 sum = sum + 0; can be removed
/test/fixtures/karma-mocha/script1.js:15:9 console.log(sum); can be removed
/test/fixtures/karma-mocha/script1.js:14:18  +  can be replaced with: -
/test/fixtures/karma-mocha/script1.js:15:21 sum can be replaced with: "MUTATION!"
/test/fixtures/karma-mocha/script1.js:15:9 console.log(sum) can be replaced with: sum
35 of 40 unignored mutations are tested (87%).
