test/fixtures/mocha/literals.js:2:10 can be replaced with: "MUTATION!"
test/fixtures/mocha/literals.js:6:10 can be replaced with: 43
test/fixtures/mocha/literals.js:10:10 can be replaced with: false
9 of 12 unignored mutations are tested (75%).
