/test/fixtures/mocha/mathoperators.js:2:11  +  can be replaced with: -
/test/fixtures/mocha/mathoperators.js:6:11  -  can be replaced with: +
/test/fixtures/mocha/mathoperators.js:10:11  *  can be replaced with: /
/test/fixtures/mocha/mathoperators.js:15:13 / can be replaced with: *
/test/fixtures/mocha/mathoperators.js:21:11  %  can be replaced with: *
16 of 21 unignored mutations are tested (76%).
